<data><xdata><x>-100</x></xdata><xdata><x>-99</x></xdata><xdata><x>-98</x></xdata><xdata><x>-97</x></xdata><xdata><x>-96</x></xdata><xdata><x>-95</x></xdata><xdata><x>-94</x></xdata><xdata><x>-93</x></xdata><xdata><x>-92</x></xdata><xdata><x>-91</x></xdata><xdata><x>-90</x></xdata><xdata><x>-89</x></xdata><xdata><x>-88</x></xdata><xdata><x>-87</x></xdata><xdata><x>-86</x></xdata><xdata><x>-85</x></xdata><xdata><x>-84</x></xdata><xdata><x>-83</x></xdata><xdata><x>-82</x></xdata><xdata><x>-81</x></xdata><xdata><x>-80</x></xdata><xdata><x>-79</x></xdata><xdata><x>-78</x></xdata><xdata><x>-77</x></xdata><xdata><x>-76</x></xdata><xdata><x>-75</x></xdata><xdata><x>-74</x></xdata><xdata><x>-73</x></xdata><xdata><x>-72</x></xdata><xdata><x>-71</x></xdata><xdata><x>-70</x></xdata><xdata><x>-69</x></xdata><xdata><x>-68</x></xdata><xdata><x>-67</x></xdata><xdata><x>-66</x></xdata><xdata><x>-65</x></xdata><xdata><x>-64</x></xdata><xdata><x>-63</x></xdata><xdata><x>-62</x></xdata><xdata><x>-61</x></xdata><xdata><x>-60</x></xdata><xdata><x>-59</x></xdata><xdata><x>-58</x></xdata><xdata><x>-57</x></xdata><xdata><x>-56</x></xdata><xdata><x>-55</x></xdata><xdata><x>-54</x></xdata><xdata><x>-53</x></xdata><xdata><x>-52</x></xdata><xdata><x>-51</x></xdata><xdata><x>-50</x></xdata><xdata><x>-49</x></xdata><xdata><x>-48</x></xdata><xdata><x>-47</x></xdata><xdata><x>-46</x></xdata><xdata><x>-45</x></xdata><xdata><x>-44</x></xdata><xdata><x>-43</x></xdata><xdata><x>-42</x></xdata><xdata><x>-41</x></xdata><xdata><x>-40</x></xdata><xdata><x>-39</x></xdata><xdata><x>-38</x></xdata><xdata><x>-37</x></xdata><xdata><x>-36</x></xdata><xdata><x>-35</x></xdata><xdata><x>-34</x></xdata><xdata><x>-33</x></xdata><xdata><x>-32</x></xdata><xdata><x>-31</x></xdata><xdata><x>-30</x></xdata><xdata><x>-29</x></xdata><xdata><x>-28</x></xdata><xdata><x>-27</x></xdata><xdata><x>-26</x></xdata><xdata><x>-25</x></xdata><xdata><x>-24</x></xdata><xdata><x>-23</x></xdata><xdata><x>-22</x></xdata><xdata><x>-21</x></xdata><xdata><x>-20</x></xdata><xdata><x>-19</x></xdata><xdata><x>-18</x></xdata><xdata><x>-17</x></xdata><xdata><x>-16</x></xdata><xdata><x>-15</x></xdata><xdata><x>-14</x></xdata><xdata><x>-13</x></xdata><xdata><x>-12</x></xdata><xdata><x>-11</x></xdata><xdata><x>-10</x></xdata><xdata><x>-9</x></xdata><xdata><x>-8</x></xdata><xdata><x>-7</x></xdata><xdata><x>-6</x></xdata><xdata><x>-5</x></xdata><xdata><x>-4</x></xdata><xdata><x>-3</x></xdata><xdata><x>-2</x></xdata><xdata><x>-1</x></xdata><xdata><x>0</x></xdata><xdata><x>1</x></xdata><xdata><x>2</x></xdata><xdata><x>3</x></xdata><xdata><x>4</x></xdata><xdata><x>5</x></xdata><xdata><x>6</x></xdata><xdata><x>7</x></xdata><xdata><x>8</x></xdata><xdata><x>9</x></xdata><xdata><x>10</x></xdata><xdata><x>11</x></xdata><xdata><x>12</x></xdata><xdata><x>13</x></xdata><xdata><x>14</x></xdata><xdata><x>15</x></xdata><xdata><x>16</x></xdata><xdata><x>17</x></xdata><xdata><x>18</x></xdata><xdata><x>19</x></xdata><xdata><x>20</x></xdata><xdata><x>21</x></xdata><xdata><x>22</x></xdata><xdata><x>23</x></xdata><xdata><x>24</x></xdata><xdata><x>25</x></xdata><xdata><x>26</x></xdata><xdata><x>27</x></xdata><xdata><x>28</x></xdata><xdata><x>29</x></xdata><xdata><x>30</x></xdata><xdata><x>31</x></xdata><xdata><x>32</x></xdata><xdata><x>33</x></xdata><xdata><x>34</x></xdata><xdata><x>35</x></xdata><xdata><x>36</x></xdata><xdata><x>37</x></xdata><xdata><x>38</x></xdata><xdata><x>39</x></xdata><xdata><x>40</x></xdata><xdata><x>41</x></xdata><xdata><x>42</x></xdata><xdata><x>43</x></xdata><xdata><x>44</x></xdata><xdata><x>45</x></xdata><xdata><x>46</x></xdata><xdata><x>47</x></xdata><xdata><x>48</x></xdata><xdata><x>49</x></xdata><xdata><x>50</x></xdata><xdata><x>51</x></xdata><xdata><x>52</x></xdata><xdata><x>53</x></xdata><xdata><x>54</x></xdata><xdata><x>55</x></xdata><xdata><x>56</x></xdata><xdata><x>57</x></xdata><xdata><x>58</x></xdata><xdata><x>59</x></xdata><xdata><x>60</x></xdata><xdata><x>61</x></xdata><xdata><x>62</x></xdata><xdata><x>63</x></xdata><xdata><x>64</x></xdata><xdata><x>65</x></xdata><xdata><x>66</x></xdata><xdata><x>67</x></xdata><xdata><x>68</x></xdata><xdata><x>69</x></xdata><xdata><x>70</x></xdata><xdata><x>71</x></xdata><xdata><x>72</x></xdata><xdata><x>73</x></xdata><xdata><x>74</x></xdata><xdata><x>75</x></xdata><xdata><x>76</x></xdata><xdata><x>77</x></xdata><xdata><x>78</x></xdata><xdata><x>79</x></xdata><xdata><x>80</x></xdata><xdata><x>81</x></xdata><xdata><x>82</x></xdata><xdata><x>83</x></xdata><xdata><x>84</x></xdata><xdata><x>85</x></xdata><xdata><x>86</x></xdata><xdata><x>87</x></xdata><xdata><x>88</x></xdata><xdata><x>89</x></xdata><xdata><x>90</x></xdata><xdata><x>91</x></xdata><xdata><x>92</x></xdata><xdata><x>93</x></xdata><xdata><x>94</x></xdata><xdata><x>95</x></xdata><xdata><x>96</x></xdata><xdata><x>97</x></xdata><xdata><x>98</x></xdata><xdata><x>99</x></xdata><ydata><y>0.0</y></ydata><ydata><y>0.0</y></ydata><ydata><y>-0.0</y></ydata><ydata><y>-0.0</y></ydata><ydata><y>-0.0</y></ydata><ydata><y>0.0</y></ydata><ydata><y>0.0</y></ydata><ydata><y>0.0</y></ydata><ydata><y>-0.0</y></ydata><ydata><y>-0.0</y></ydata><ydata><y>-0.0</y></ydata><ydata><y>0.0</y></ydata><ydata><y>0.0</y></ydata><ydata><y>0.0</y></ydata><ydata><y>-0.0</y></ydata><ydata><y>-0.0</y></ydata><ydata><y>-0.0</y></ydata><ydata><y>0.0</y></ydata><ydata><y>0.0</y></ydata><ydata><y>0.0</y></ydata><ydata><y>-0.0</y></ydata><ydata><y>-0.0</y></ydata><ydata><y>-0.0</y></ydata><ydata><y>-0.0</y></ydata><ydata><y>0.0</y></ydata><ydata><y>0.0</y></ydata><ydata><y>0.0</y></ydata><ydata><y>-0.0</y></ydata><ydata><y>-0.0</y></ydata><ydata><y>-0.0</y></ydata><ydata><y>0.0</y></ydata><ydata><y>0.0</y></ydata><ydata><y>0.0</y></ydata><ydata><y>-0.0</y></ydata><ydata><y>-0.0</y></ydata><ydata><y>-0.0</y></ydata><ydata><y>0.0</y></ydata><ydata><y>0.0</y></ydata><ydata><y>0.0</y></ydata><ydata><y>-0.0</y></ydata><ydata><y>-0.0</y></ydata><ydata><y>-0.0</y></ydata><ydata><y>0.0</y></ydata><ydata><y>0.0</y></ydata><ydata><y>0.0</y></ydata><ydata><y>0.0</y></ydata><ydata><y>-0.0</y></ydata><ydata><y>-0.0</y></ydata><ydata><y>-0.0</y></ydata><ydata><y>0.0</y></ydata><ydata><y>0.0</y></ydata><ydata><y>0.0</y></ydata><ydata><y>-0.0</y></ydata><ydata><y>-0.0</y></ydata><ydata><y>-0.0</y></ydata><ydata><y>0.0</y></ydata><ydata><y>0.0</y></ydata><ydata><y>0.0</y></ydata><ydata><y>-0.0</y></ydata><ydata><y>-0.0</y></ydata><ydata><y>-0.0</y></ydata><ydata><y>0.0</y></ydata><ydata><y>0.0</y></ydata><ydata><y>0.0</y></ydata><ydata><y>-0.0</y></ydata><ydata><y>-0.0</y></ydata><ydata><y>-0.0</y></ydata><ydata><y>-0.0</y></ydata><ydata><y>0.0</y></ydata><ydata><y>0.0</y></ydata><ydata><y>0.0</y></ydata><ydata><y>-0.0</y></ydata><ydata><y>-0.0</y></ydata><ydata><y>-0.0</y></ydata><ydata><y>0.0</y></ydata><ydata><y>0.0</y></ydata><ydata><y>4.985e-321</y></ydata><ydata><y>-8.653328628187188e-298</y></ydata><ydata><y>-3.0379417796454004e-275</y></ydata><ydata><y>-4.2128678016186646e-254</y></ydata><ydata><y>1.0754391932708288e-233</y></ydata><ydata><y>1.2082099826564764e-213</y></ydata><ydata><y>5.063801599368874e-195</y></ydata><ydata><y>-1.7921507514671381e-177</y></ydata><ydata><y>-7.169117396931808e-160</y></ydata><ydata><y>-8.846499210674543e-144</y></ydata><ydata><y>3.3520898403158274e-129</y></ydata><ydata><y>6.3380227410110736e-114</y></ydata><ydata><y>2.272556429273371e-100</y></ydata><ydata><y>6.2194925128618844e-90</y></ydata><ydata><y>-8.327391598176291e-76</y></ydata><ydata><y>-8.642479102015089e-65</y></ydata><ydata><y>-1.785171155622084e-55</y></ydata><ydata><y>1.6192046596553792e-45</y></ydata><ydata><y>4.885577845627308e-37</y></ydata><ydata><y>4.6276566469505575e-30</y></ydata><ydata><y>-4.6270453487763805e-23</y></ydata><ydata><y>-4.1153683462994835e-17</y></ydata><ydata><y>-1.3748284943376246e-12</y></ydata><ydata><y>1.9198836117026243e-08</y></ydata><ydata><y>5.172318620381234e-05</y></ydata><ydata><y>0.005505291467252679</y></ydata><ydata><y>-0.11304708165147385</y></ydata><ydata><y>-0.970342288853008</y></ydata><ydata><y>-0.31284226202964716</y></ydata><ydata><y>0.008971978112870024</y></ydata><ydata><y>0.00027161167251742136</y></ydata><ydata><y>2.5813069607411065e-07</y></ydata><ydata><y>-8.160620536846892e-12</y></ydata><ydata><y>-1.1328882602657458e-15</y></ydata><ydata><y>-3.1301355257902204e-21</y></ydata><ydata><y>6.703699191422772e-30</y></ydata><ydata><y>7.023921679246747e-35</y></ydata><ydata><y>5.6172556907952696e-43</y></ydata><ydata><y>8.5190558395396e-53</y></ydata><ydata><y>-6.446925827006271e-62</y></ydata><ydata><y>-1.4981397872206748e-72</y></ydata><ydata><y>-1.0739068187440422e-84</y></ydata><ydata><y>8.701099965488819e-97</y></ydata><ydata><y>5.953129249219637e-110</y></ydata><ydata><y>1.5194771278719997e-124</y></ydata><ydata><y>-1.706835055846585e-139</y></ydata><ydata><y>-3.529381335660759e-155</y></ydata><ydata><y>-2.88275511046243e-172</y></ydata><ydata><y>4.760777114938716e-190</y></ydata><ydata><y>3.123304291890089e-208</y></ydata><ydata><y>7.745260446170035e-228</y></ydata><ydata><y>-1.798540923243128e-248</y></ydata><ydata><y>-4.124162576600426e-269</y></ydata><ydata><y>-3.018488398463854e-291</y></ydata><ydata><y>7.933449153e-315</y></ydata><ydata><y>0.0</y></ydata><ydata><y>0.0</y></ydata><ydata><y>-0.0</y></ydata><ydata><y>-0.0</y></ydata><ydata><y>-0.0</y></ydata><ydata><y>-0.0</y></ydata><ydata><y>0.0</y></ydata><ydata><y>0.0</y></ydata><ydata><y>0.0</y></ydata><ydata><y>-0.0</y></ydata><ydata><y>-0.0</y></ydata><ydata><y>-0.0</y></ydata><ydata><y>0.0</y></ydata><ydata><y>0.0</y></ydata><ydata><y>0.0</y></ydata><ydata><y>-0.0</y></ydata><ydata><y>-0.0</y></ydata><ydata><y>-0.0</y></ydata><ydata><y>0.0</y></ydata><ydata><y>0.0</y></ydata><ydata><y>0.0</y></ydata><ydata><y>-0.0</y></ydata><ydata><y>-0.0</y></ydata><ydata><y>-0.0</y></ydata><ydata><y>0.0</y></ydata><ydata><y>0.0</y></ydata><ydata><y>0.0</y></ydata><ydata><y>0.0</y></ydata><ydata><y>-0.0</y></ydata><ydata><y>-0.0</y></ydata><ydata><y>-0.0</y></ydata><ydata><y>0.0</y></ydata><ydata><y>0.0</y></ydata><ydata><y>0.0</y></ydata><ydata><y>-0.0</y></ydata><ydata><y>-0.0</y></ydata><ydata><y>-0.0</y></ydata><ydata><y>0.0</y></ydata><ydata><y>0.0</y></ydata><ydata><y>0.0</y></ydata><ydata><y>-0.0</y></ydata><ydata><y>-0.0</y></ydata><ydata><y>-0.0</y></ydata><ydata><y>0.0</y></ydata><ydata><y>0.0</y></ydata><ydata><y>0.0</y></ydata><ydata><y>-0.0</y></ydata><ydata><y>-0.0</y></ydata><ydata><y>-0.0</y></ydata><ydata><y>-0.0</y></ydata><ydata><y>0.0</y></ydata><ydata><y>0.0</y></ydata><ydata><y>0.0</y></ydata><ydata><y>-0.0</y></ydata><ydata><y>-0.0</y></ydata><ydata><y>-0.0</y></ydata><ydata><y>0.0</y></ydata><ydata><y>0.0</y></ydata><ydata><y>0.0</y></ydata><ydata><y>-0.0</y></ydata><ydata><y>-0.0</y></ydata><ydata><y>-0.0</y></ydata><ydata><y>0.0</y></ydata><ydata><y>0.0</y></ydata><ydata><y>0.0</y></ydata><ydata><y>-0.0</y></ydata><ydata><y>-0.0</y></ydata><ydata><y>-0.0</y></ydata><ydata><y>0.0</y></ydata></data>